Archive member included to satisfy reference by file (symbol)

c:/program files (x86)/atmel/studio/7.0/toolchain/avr8/avr8-gnu-toolchain/bin/../lib/gcc/avr/5.4.0/../../../../avr/lib/avr5\libm.a(addsf3.o)
                              fun_ADC.o (__subsf3)
c:/program files (x86)/atmel/studio/7.0/toolchain/avr8/avr8-gnu-toolchain/bin/../lib/gcc/avr/5.4.0/../../../../avr/lib/avr5\libm.a(addsf3x.o)
                              c:/program files (x86)/atmel/studio/7.0/toolchain/avr8/avr8-gnu-toolchain/bin/../lib/gcc/avr/5.4.0/../../../../avr/lib/avr5\libm.a(addsf3.o) (__addsf3x)
c:/program files (x86)/atmel/studio/7.0/toolchain/avr8/avr8-gnu-toolchain/bin/../lib/gcc/avr/5.4.0/../../../../avr/lib/avr5\libm.a(cmpsf2.o)
                              main.o (__ltsf2)
c:/program files (x86)/atmel/studio/7.0/toolchain/avr8/avr8-gnu-toolchain/bin/../lib/gcc/avr/5.4.0/../../../../avr/lib/avr5\libm.a(divsf3.o)
                              fun_ADC.o (__divsf3)
c:/program files (x86)/atmel/studio/7.0/toolchain/avr8/avr8-gnu-toolchain/bin/../lib/gcc/avr/5.4.0/../../../../avr/lib/avr5\libm.a(divsf3x.o)
                              c:/program files (x86)/atmel/studio/7.0/toolchain/avr8/avr8-gnu-toolchain/bin/../lib/gcc/avr/5.4.0/../../../../avr/lib/avr5\libm.a(divsf3.o) (__divsf3x)
c:/program files (x86)/atmel/studio/7.0/toolchain/avr8/avr8-gnu-toolchain/bin/../lib/gcc/avr/5.4.0/../../../../avr/lib/avr5\libm.a(fixunssfsi.o)
                              fun_ADC.o (__fixunssfsi)
c:/program files (x86)/atmel/studio/7.0/toolchain/avr8/avr8-gnu-toolchain/bin/../lib/gcc/avr/5.4.0/../../../../avr/lib/avr5\libm.a(floatsisf.o)
                              fun_ADC.o (__floatunsisf)
c:/program files (x86)/atmel/studio/7.0/toolchain/avr8/avr8-gnu-toolchain/bin/../lib/gcc/avr/5.4.0/../../../../avr/lib/avr5\libm.a(fp_cmp.o)
                              c:/program files (x86)/atmel/studio/7.0/toolchain/avr8/avr8-gnu-toolchain/bin/../lib/gcc/avr/5.4.0/../../../../avr/lib/avr5\libm.a(cmpsf2.o) (__fp_cmp)
c:/program files (x86)/atmel/studio/7.0/toolchain/avr8/avr8-gnu-toolchain/bin/../lib/gcc/avr/5.4.0/../../../../avr/lib/avr5\libm.a(fp_inf.o)
                              c:/program files (x86)/atmel/studio/7.0/toolchain/avr8/avr8-gnu-toolchain/bin/../lib/gcc/avr/5.4.0/../../../../avr/lib/avr5\libm.a(addsf3x.o) (__fp_inf)
c:/program files (x86)/atmel/studio/7.0/toolchain/avr8/avr8-gnu-toolchain/bin/../lib/gcc/avr/5.4.0/../../../../avr/lib/avr5\libm.a(fp_nan.o)
                              c:/program files (x86)/atmel/studio/7.0/toolchain/avr8/avr8-gnu-toolchain/bin/../lib/gcc/avr/5.4.0/../../../../avr/lib/avr5\libm.a(addsf3x.o) (__fp_nan)
c:/program files (x86)/atmel/studio/7.0/toolchain/avr8/avr8-gnu-toolchain/bin/../lib/gcc/avr/5.4.0/../../../../avr/lib/avr5\libm.a(fp_pscA.o)
                              c:/program files (x86)/atmel/studio/7.0/toolchain/avr8/avr8-gnu-toolchain/bin/../lib/gcc/avr/5.4.0/../../../../avr/lib/avr5\libm.a(addsf3x.o) (__fp_pscA)
c:/program files (x86)/atmel/studio/7.0/toolchain/avr8/avr8-gnu-toolchain/bin/../lib/gcc/avr/5.4.0/../../../../avr/lib/avr5\libm.a(fp_pscB.o)
                              c:/program files (x86)/atmel/studio/7.0/toolchain/avr8/avr8-gnu-toolchain/bin/../lib/gcc/avr/5.4.0/../../../../avr/lib/avr5\libm.a(addsf3x.o) (__fp_pscB)
c:/program files (x86)/atmel/studio/7.0/toolchain/avr8/avr8-gnu-toolchain/bin/../lib/gcc/avr/5.4.0/../../../../avr/lib/avr5\libm.a(fp_round.o)
                              c:/program files (x86)/atmel/studio/7.0/toolchain/avr8/avr8-gnu-toolchain/bin/../lib/gcc/avr/5.4.0/../../../../avr/lib/avr5\libm.a(addsf3.o) (__fp_round)
c:/program files (x86)/atmel/studio/7.0/toolchain/avr8/avr8-gnu-toolchain/bin/../lib/gcc/avr/5.4.0/../../../../avr/lib/avr5\libm.a(fp_split3.o)
                              c:/program files (x86)/atmel/studio/7.0/toolchain/avr8/avr8-gnu-toolchain/bin/../lib/gcc/avr/5.4.0/../../../../avr/lib/avr5\libm.a(addsf3x.o) (__fp_split3)
c:/program files (x86)/atmel/studio/7.0/toolchain/avr8/avr8-gnu-toolchain/bin/../lib/gcc/avr/5.4.0/../../../../avr/lib/avr5\libm.a(fp_zero.o)
                              c:/program files (x86)/atmel/studio/7.0/toolchain/avr8/avr8-gnu-toolchain/bin/../lib/gcc/avr/5.4.0/../../../../avr/lib/avr5\libm.a(addsf3x.o) (__fp_zero)
c:/program files (x86)/atmel/studio/7.0/toolchain/avr8/avr8-gnu-toolchain/bin/../lib/gcc/avr/5.4.0/../../../../avr/lib/avr5\libm.a(gesf2.o)
                              main.o (__gtsf2)
c:/program files (x86)/atmel/studio/7.0/toolchain/avr8/avr8-gnu-toolchain/bin/../lib/gcc/avr/5.4.0/../../../../avr/lib/avr5\libm.a(mulsf3.o)
                              fun_ADC.o (__mulsf3)
c:/program files (x86)/atmel/studio/7.0/toolchain/avr8/avr8-gnu-toolchain/bin/../lib/gcc/avr/5.4.0/../../../../avr/lib/avr5\libm.a(mulsf3x.o)
                              c:/program files (x86)/atmel/studio/7.0/toolchain/avr8/avr8-gnu-toolchain/bin/../lib/gcc/avr/5.4.0/../../../../avr/lib/avr5\libm.a(mulsf3.o) (__mulsf3x)
c:/program files (x86)/atmel/studio/7.0/toolchain/avr8/avr8-gnu-toolchain/bin/../lib/gcc/avr/5.4.0/avr5\libgcc.a(_udivmodhi4.o)
                              fun_ADC.o (__udivmodhi4)
c:/program files (x86)/atmel/studio/7.0/toolchain/avr8/avr8-gnu-toolchain/bin/../lib/gcc/avr/5.4.0/avr5\libgcc.a(_udivmodsi4.o)
                              modbus/porttimer.o (__udivmodsi4)
c:/program files (x86)/atmel/studio/7.0/toolchain/avr8/avr8-gnu-toolchain/bin/../lib/gcc/avr/5.4.0/avr5\libgcc.a(_exit.o)
                              C:/Program Files (x86)/Atmel/Studio/7.0/Packs/atmel/ATmega_DFP/1.6.364/gcc/dev/atmega328p/avr5/crtatmega328p.o (exit)
c:/program files (x86)/atmel/studio/7.0/toolchain/avr8/avr8-gnu-toolchain/bin/../lib/gcc/avr/5.4.0/avr5\libgcc.a(_copy_data.o)
                              fun_ADC.o (__do_copy_data)
c:/program files (x86)/atmel/studio/7.0/toolchain/avr8/avr8-gnu-toolchain/bin/../lib/gcc/avr/5.4.0/avr5\libgcc.a(_clear_bss.o)
                              main.o (__do_clear_bss)
c:/program files (x86)/atmel/studio/7.0/toolchain/avr8/avr8-gnu-toolchain/bin/../lib/gcc/avr/5.4.0/avr5\libgcc.a(_umulhisi3.o)
                              modbus/porttimer.o (__umulhisi3)
c:/program files (x86)/atmel/studio/7.0/toolchain/avr8/avr8-gnu-toolchain/bin/../lib/gcc/avr/5.4.0/../../../../avr/lib/avr5\libc.a(memcpy.o)
                              modbus/mbfuncother.o (memcpy)
C:/Program Files (x86)/Atmel/Studio/7.0/Packs/atmel/ATmega_DFP/1.6.364/gcc/dev/atmega328p/avr5\libatmega328p.a(eerd_word.o)
                              main.o (eeprom_read_word)
C:/Program Files (x86)/Atmel/Studio/7.0/Packs/atmel/ATmega_DFP/1.6.364/gcc/dev/atmega328p/avr5\libatmega328p.a(eewr_word.o)
                              main.o (eeprom_write_word)
C:/Program Files (x86)/Atmel/Studio/7.0/Packs/atmel/ATmega_DFP/1.6.364/gcc/dev/atmega328p/avr5\libatmega328p.a(eerd_block.o)
                              C:/Program Files (x86)/Atmel/Studio/7.0/Packs/atmel/ATmega_DFP/1.6.364/gcc/dev/atmega328p/avr5\libatmega328p.a(eerd_word.o) (eeprom_read_blraw)
C:/Program Files (x86)/Atmel/Studio/7.0/Packs/atmel/ATmega_DFP/1.6.364/gcc/dev/atmega328p/avr5\libatmega328p.a(eewr_byte.o)
                              C:/Program Files (x86)/Atmel/Studio/7.0/Packs/atmel/ATmega_DFP/1.6.364/gcc/dev/atmega328p/avr5\libatmega328p.a(eewr_word.o) (eeprom_write_byte)

Allocating common symbols
Common symbol       size              file

ucRTUBuf            0x100             modbus/mbrtu.o
pxMBFrameCBTransmitFSMCur
                    0x2               modbus/mb.o
pxMBFrameCBReceiveFSMCur
                    0x2               modbus/mb.o

Discarded input sections

 .data          0x00000000        0x0 C:/Program Files (x86)/Atmel/Studio/7.0/Packs/atmel/ATmega_DFP/1.6.364/gcc/dev/atmega328p/avr5/crtatmega328p.o
 .bss           0x00000000        0x0 C:/Program Files (x86)/Atmel/Studio/7.0/Packs/atmel/ATmega_DFP/1.6.364/gcc/dev/atmega328p/avr5/crtatmega328p.o
 .text          0x00000000        0x0 fun_ADC.o
 .data          0x00000000        0x0 fun_ADC.o
 .bss           0x00000000        0x0 fun_ADC.o
 .text          0x00000000        0x0 main.o
 .data          0x00000000        0x0 main.o
 .bss           0x00000000        0x0 main.o
 .text._Z35eMBFuncWriteMultipleHoldingRegisterPhPt
                0x00000000       0x84 main.o
 .text.eMBRegCoilsCB
                0x00000000       0xb8 main.o
 .text.eMBRegDiscreteCB
                0x00000000       0x4c main.o
 .bss.flag_USART_TX_vect
                0x00000000        0x1 main.o
 .bss._ZL13ucRegCoilsBuf
                0x00000000        0x2 main.o
 .text          0x00000000        0x0 modbus/mb.o
 .data          0x00000000        0x0 modbus/mb.o
 .bss           0x00000000        0x0 modbus/mb.o
 .text.eMBRegisterCB
                0x00000000       0xa8 modbus/mb.o
 .text.eMBClose
                0x00000000       0x22 modbus/mb.o
 .text.eMBDisable
                0x00000000       0x28 modbus/mb.o
 COMMON         0x00000000        0x4 modbus/mb.o
 .text          0x00000000        0x0 modbus/mbcrc.o
 .data          0x00000000        0x0 modbus/mbcrc.o
 .bss           0x00000000        0x0 modbus/mbcrc.o
 .text          0x00000000        0x0 modbus/mbfunccoils.o
 .data          0x00000000        0x0 modbus/mbfunccoils.o
 .bss           0x00000000        0x0 modbus/mbfunccoils.o
 .text.eMBFuncReadCoils
                0x00000000       0xd0 modbus/mbfunccoils.o
 .text.eMBFuncWriteCoil
                0x00000000       0x72 modbus/mbfunccoils.o
 .text.eMBFuncWriteMultipleCoils
                0x00000000       0xa0 modbus/mbfunccoils.o
 .debug_info    0x00000000      0x3ab modbus/mbfunccoils.o
 .debug_abbrev  0x00000000       0xfd modbus/mbfunccoils.o
 .debug_loc     0x00000000      0x5c7 modbus/mbfunccoils.o
 .debug_aranges
                0x00000000       0x30 modbus/mbfunccoils.o
 .debug_ranges  0x00000000       0x20 modbus/mbfunccoils.o
 .debug_line    0x00000000      0x1fe modbus/mbfunccoils.o
 .debug_str     0x00000000      0x3ff modbus/mbfunccoils.o
 .comment       0x00000000       0x31 modbus/mbfunccoils.o
 .debug_frame   0x00000000       0x70 modbus/mbfunccoils.o
 .text          0x00000000        0x0 modbus/mbfuncdiag.o
 .data          0x00000000        0x0 modbus/mbfuncdiag.o
 .bss           0x00000000        0x0 modbus/mbfuncdiag.o
 .debug_line    0x00000000        0x0 modbus/mbfuncdiag.o
 .debug_str     0x00000000      0x118 modbus/mbfuncdiag.o
 .comment       0x00000000       0x31 modbus/mbfuncdiag.o
 .text          0x00000000        0x0 modbus/mbfuncdisc.o
 .data          0x00000000        0x0 modbus/mbfuncdisc.o
 .bss           0x00000000        0x0 modbus/mbfuncdisc.o
 .debug_info    0x00000000       0x6b modbus/mbfuncdisc.o
 .debug_abbrev  0x00000000       0x26 modbus/mbfuncdisc.o
 .debug_aranges
                0x00000000       0x18 modbus/mbfuncdisc.o
 .debug_line    0x00000000       0x1a modbus/mbfuncdisc.o
 .debug_str     0x00000000      0x1a1 modbus/mbfuncdisc.o
 .comment       0x00000000       0x31 modbus/mbfuncdisc.o
 .text          0x00000000        0x0 modbus/mbfuncholding.o
 .data          0x00000000        0x0 modbus/mbfuncholding.o
 .bss           0x00000000        0x0 modbus/mbfuncholding.o
 .text          0x00000000        0x0 modbus/mbfuncinput.o
 .data          0x00000000        0x0 modbus/mbfuncinput.o
 .bss           0x00000000        0x0 modbus/mbfuncinput.o
 .text          0x00000000        0x0 modbus/mbfuncother.o
 .data          0x00000000        0x0 modbus/mbfuncother.o
 .bss           0x00000000        0x0 modbus/mbfuncother.o
 .text          0x00000000        0x0 modbus/mbrtu.o
 .data          0x00000000        0x0 modbus/mbrtu.o
 .bss           0x00000000        0x0 modbus/mbrtu.o
 .text          0x00000000        0x0 modbus/mbutils.o
 .data          0x00000000        0x0 modbus/mbutils.o
 .bss           0x00000000        0x0 modbus/mbutils.o
 .text.xMBUtilSetBits
                0x00000000       0x90 modbus/mbutils.o
 .text.xMBUtilGetBits
                0x00000000       0x50 modbus/mbutils.o
 .text          0x00000000        0x0 modbus/portevent.o
 .data          0x00000000        0x0 modbus/portevent.o
 .bss           0x00000000        0x0 modbus/portevent.o
 .text          0x00000000        0x0 modbus/portserial.o
 .data          0x00000000        0x0 modbus/portserial.o
 .bss           0x00000000        0x0 modbus/portserial.o
 .text.xMBPortSerialInit
                0x00000000        0x4 modbus/portserial.o
 .text          0x00000000        0x0 modbus/porttimer.o
 .data          0x00000000        0x0 modbus/porttimer.o
 .bss           0x00000000        0x0 modbus/porttimer.o
 .text          0x00000000        0x0 read_pin_in_out.o
 .data          0x00000000        0x0 read_pin_in_out.o
 .bss           0x00000000        0x0 read_pin_in_out.o
 .text          0x00000000        0x0 c:/program files (x86)/atmel/studio/7.0/toolchain/avr8/avr8-gnu-toolchain/bin/../lib/gcc/avr/5.4.0/../../../../avr/lib/avr5\libm.a(addsf3.o)
 .data          0x00000000        0x0 c:/program files (x86)/atmel/studio/7.0/toolchain/avr8/avr8-gnu-toolchain/bin/../lib/gcc/avr/5.4.0/../../../../avr/lib/avr5\libm.a(addsf3.o)
 .bss           0x00000000        0x0 c:/program files (x86)/atmel/studio/7.0/toolchain/avr8/avr8-gnu-toolchain/bin/../lib/gcc/avr/5.4.0/../../../../avr/lib/avr5\libm.a(addsf3.o)
 .text          0x00000000        0x0 c:/program files (x86)/atmel/studio/7.0/toolchain/avr8/avr8-gnu-toolchain/bin/../lib/gcc/avr/5.4.0/../../../../avr/lib/avr5\libm.a(addsf3x.o)
 .data          0x00000000        0x0 c:/program files (x86)/atmel/studio/7.0/toolchain/avr8/avr8-gnu-toolchain/bin/../lib/gcc/avr/5.4.0/../../../../avr/lib/avr5\libm.a(addsf3x.o)
 .bss           0x00000000        0x0 c:/program files (x86)/atmel/studio/7.0/toolchain/avr8/avr8-gnu-toolchain/bin/../lib/gcc/avr/5.4.0/../../../../avr/lib/avr5\libm.a(addsf3x.o)
 .text          0x00000000        0x0 c:/program files (x86)/atmel/studio/7.0/toolchain/avr8/avr8-gnu-toolchain/bin/../lib/gcc/avr/5.4.0/../../../../avr/lib/avr5\libm.a(cmpsf2.o)
 .data          0x00000000        0x0 c:/program files (x86)/atmel/studio/7.0/toolchain/avr8/avr8-gnu-toolchain/bin/../lib/gcc/avr/5.4.0/../../../../avr/lib/avr5\libm.a(cmpsf2.o)
 .bss           0x00000000        0x0 c:/program files (x86)/atmel/studio/7.0/toolchain/avr8/avr8-gnu-toolchain/bin/../lib/gcc/avr/5.4.0/../../../../avr/lib/avr5\libm.a(cmpsf2.o)
 .text          0x00000000        0x0 c:/program files (x86)/atmel/studio/7.0/toolchain/avr8/avr8-gnu-toolchain/bin/../lib/gcc/avr/5.4.0/../../../../avr/lib/avr5\libm.a(divsf3.o)
 .data          0x00000000        0x0 c:/program files (x86)/atmel/studio/7.0/toolchain/avr8/avr8-gnu-toolchain/bin/../lib/gcc/avr/5.4.0/../../../../avr/lib/avr5\libm.a(divsf3.o)
 .bss           0x00000000        0x0 c:/program files (x86)/atmel/studio/7.0/toolchain/avr8/avr8-gnu-toolchain/bin/../lib/gcc/avr/5.4.0/../../../../avr/lib/avr5\libm.a(divsf3.o)
 .text          0x00000000        0x0 c:/program files (x86)/atmel/studio/7.0/toolchain/avr8/avr8-gnu-toolchain/bin/../lib/gcc/avr/5.4.0/../../../../avr/lib/avr5\libm.a(divsf3x.o)
 .data          0x00000000        0x0 c:/program files (x86)/atmel/studio/7.0/toolchain/avr8/avr8-gnu-toolchain/bin/../lib/gcc/avr/5.4.0/../../../../avr/lib/avr5\libm.a(divsf3x.o)
 .bss           0x00000000        0x0 c:/program files (x86)/atmel/studio/7.0/toolchain/avr8/avr8-gnu-toolchain/bin/../lib/gcc/avr/5.4.0/../../../../avr/lib/avr5\libm.a(divsf3x.o)
 .text          0x00000000        0x0 c:/program files (x86)/atmel/studio/7.0/toolchain/avr8/avr8-gnu-toolchain/bin/../lib/gcc/avr/5.4.0/../../../../avr/lib/avr5\libm.a(fixunssfsi.o)
 .data          0x00000000        0x0 c:/program files (x86)/atmel/studio/7.0/toolchain/avr8/avr8-gnu-toolchain/bin/../lib/gcc/avr/5.4.0/../../../../avr/lib/avr5\libm.a(fixunssfsi.o)
 .bss           0x00000000        0x0 c:/program files (x86)/atmel/studio/7.0/toolchain/avr8/avr8-gnu-toolchain/bin/../lib/gcc/avr/5.4.0/../../../../avr/lib/avr5\libm.a(fixunssfsi.o)
 .text          0x00000000        0x0 c:/program files (x86)/atmel/studio/7.0/toolchain/avr8/avr8-gnu-toolchain/bin/../lib/gcc/avr/5.4.0/../../../../avr/lib/avr5\libm.a(floatsisf.o)
 .data          0x00000000        0x0 c:/program files (x86)/atmel/studio/7.0/toolchain/avr8/avr8-gnu-toolchain/bin/../lib/gcc/avr/5.4.0/../../../../avr/lib/avr5\libm.a(floatsisf.o)
 .bss           0x00000000        0x0 c:/program files (x86)/atmel/studio/7.0/toolchain/avr8/avr8-gnu-toolchain/bin/../lib/gcc/avr/5.4.0/../../../../avr/lib/avr5\libm.a(floatsisf.o)
 .text          0x00000000        0x0 c:/program files (x86)/atmel/studio/7.0/toolchain/avr8/avr8-gnu-toolchain/bin/../lib/gcc/avr/5.4.0/../../../../avr/lib/avr5\libm.a(fp_cmp.o)
 .data          0x00000000        0x0 c:/program files (x86)/atmel/studio/7.0/toolchain/avr8/avr8-gnu-toolchain/bin/../lib/gcc/avr/5.4.0/../../../../avr/lib/avr5\libm.a(fp_cmp.o)
 .bss           0x00000000        0x0 c:/program files (x86)/atmel/studio/7.0/toolchain/avr8/avr8-gnu-toolchain/bin/../lib/gcc/avr/5.4.0/../../../../avr/lib/avr5\libm.a(fp_cmp.o)
 .text          0x00000000        0x0 c:/program files (x86)/atmel/studio/7.0/toolchain/avr8/avr8-gnu-toolchain/bin/../lib/gcc/avr/5.4.0/../../../../avr/lib/avr5\libm.a(fp_inf.o)
 .data          0x00000000        0x0 c:/program files (x86)/atmel/studio/7.0/toolchain/avr8/avr8-gnu-toolchain/bin/../lib/gcc/avr/5.4.0/../../../../avr/lib/avr5\libm.a(fp_inf.o)
 .bss           0x00000000        0x0 c:/program files (x86)/atmel/studio/7.0/toolchain/avr8/avr8-gnu-toolchain/bin/../lib/gcc/avr/5.4.0/../../../../avr/lib/avr5\libm.a(fp_inf.o)
 .text          0x00000000        0x0 c:/program files (x86)/atmel/studio/7.0/toolchain/avr8/avr8-gnu-toolchain/bin/../lib/gcc/avr/5.4.0/../../../../avr/lib/avr5\libm.a(fp_nan.o)
 .data          0x00000000        0x0 c:/program files (x86)/atmel/studio/7.0/toolchain/avr8/avr8-gnu-toolchain/bin/../lib/gcc/avr/5.4.0/../../../../avr/lib/avr5\libm.a(fp_nan.o)
 .bss           0x00000000        0x0 c:/program files (x86)/atmel/studio/7.0/toolchain/avr8/avr8-gnu-toolchain/bin/../lib/gcc/avr/5.4.0/../../../../avr/lib/avr5\libm.a(fp_nan.o)
 .text          0x00000000        0x0 c:/program files (x86)/atmel/studio/7.0/toolchain/avr8/avr8-gnu-toolchain/bin/../lib/gcc/avr/5.4.0/../../../../avr/lib/avr5\libm.a(fp_pscA.o)
 .data          0x00000000        0x0 c:/program files (x86)/atmel/studio/7.0/toolchain/avr8/avr8-gnu-toolchain/bin/../lib/gcc/avr/5.4.0/../../../../avr/lib/avr5\libm.a(fp_pscA.o)
 .bss           0x00000000        0x0 c:/program files (x86)/atmel/studio/7.0/toolchain/avr8/avr8-gnu-toolchain/bin/../lib/gcc/avr/5.4.0/../../../../avr/lib/avr5\libm.a(fp_pscA.o)
 .text          0x00000000        0x0 c:/program files (x86)/atmel/studio/7.0/toolchain/avr8/avr8-gnu-toolchain/bin/../lib/gcc/avr/5.4.0/../../../../avr/lib/avr5\libm.a(fp_pscB.o)
 .data          0x00000000        0x0 c:/program files (x86)/atmel/studio/7.0/toolchain/avr8/avr8-gnu-toolchain/bin/../lib/gcc/avr/5.4.0/../../../../avr/lib/avr5\libm.a(fp_pscB.o)
 .bss           0x00000000        0x0 c:/program files (x86)/atmel/studio/7.0/toolchain/avr8/avr8-gnu-toolchain/bin/../lib/gcc/avr/5.4.0/../../../../avr/lib/avr5\libm.a(fp_pscB.o)
 .text          0x00000000        0x0 c:/program files (x86)/atmel/studio/7.0/toolchain/avr8/avr8-gnu-toolchain/bin/../lib/gcc/avr/5.4.0/../../../../avr/lib/avr5\libm.a(fp_round.o)
 .data          0x00000000        0x0 c:/program files (x86)/atmel/studio/7.0/toolchain/avr8/avr8-gnu-toolchain/bin/../lib/gcc/avr/5.4.0/../../../../avr/lib/avr5\libm.a(fp_round.o)
 .bss           0x00000000        0x0 c:/program files (x86)/atmel/studio/7.0/toolchain/avr8/avr8-gnu-toolchain/bin/../lib/gcc/avr/5.4.0/../../../../avr/lib/avr5\libm.a(fp_round.o)
 .text          0x00000000        0x0 c:/program files (x86)/atmel/studio/7.0/toolchain/avr8/avr8-gnu-toolchain/bin/../lib/gcc/avr/5.4.0/../../../../avr/lib/avr5\libm.a(fp_split3.o)
 .data          0x00000000        0x0 c:/program files (x86)/atmel/studio/7.0/toolchain/avr8/avr8-gnu-toolchain/bin/../lib/gcc/avr/5.4.0/../../../../avr/lib/avr5\libm.a(fp_split3.o)
 .bss           0x00000000        0x0 c:/program files (x86)/atmel/studio/7.0/toolchain/avr8/avr8-gnu-toolchain/bin/../lib/gcc/avr/5.4.0/../../../../avr/lib/avr5\libm.a(fp_split3.o)
 .text          0x00000000        0x0 c:/program files (x86)/atmel/studio/7.0/toolchain/avr8/avr8-gnu-toolchain/bin/../lib/gcc/avr/5.4.0/../../../../avr/lib/avr5\libm.a(fp_zero.o)
 .data          0x00000000        0x0 c:/program files (x86)/atmel/studio/7.0/toolchain/avr8/avr8-gnu-toolchain/bin/../lib/gcc/avr/5.4.0/../../../../avr/lib/avr5\libm.a(fp_zero.o)
 .bss           0x00000000        0x0 c:/program files (x86)/atmel/studio/7.0/toolchain/avr8/avr8-gnu-toolchain/bin/../lib/gcc/avr/5.4.0/../../../../avr/lib/avr5\libm.a(fp_zero.o)
 .text          0x00000000        0x0 c:/program files (x86)/atmel/studio/7.0/toolchain/avr8/avr8-gnu-toolchain/bin/../lib/gcc/avr/5.4.0/../../../../avr/lib/avr5\libm.a(gesf2.o)
 .data          0x00000000        0x0 c:/program files (x86)/atmel/studio/7.0/toolchain/avr8/avr8-gnu-toolchain/bin/../lib/gcc/avr/5.4.0/../../../../avr/lib/avr5\libm.a(gesf2.o)
 .bss           0x00000000        0x0 c:/program files (x86)/atmel/studio/7.0/toolchain/avr8/avr8-gnu-toolchain/bin/../lib/gcc/avr/5.4.0/../../../../avr/lib/avr5\libm.a(gesf2.o)
 .text          0x00000000        0x0 c:/program files (x86)/atmel/studio/7.0/toolchain/avr8/avr8-gnu-toolchain/bin/../lib/gcc/avr/5.4.0/../../../../avr/lib/avr5\libm.a(mulsf3.o)
 .data          0x00000000        0x0 c:/program files (x86)/atmel/studio/7.0/toolchain/avr8/avr8-gnu-toolchain/bin/../lib/gcc/avr/5.4.0/../../../../avr/lib/avr5\libm.a(mulsf3.o)
 .bss           0x00000000        0x0 c:/program files (x86)/atmel/studio/7.0/toolchain/avr8/avr8-gnu-toolchain/bin/../lib/gcc/avr/5.4.0/../../../../avr/lib/avr5\libm.a(mulsf3.o)
 .text          0x00000000        0x0 c:/program files (x86)/atmel/studio/7.0/toolchain/avr8/avr8-gnu-toolchain/bin/../lib/gcc/avr/5.4.0/../../../../avr/lib/avr5\libm.a(mulsf3x.o)
 .data          0x00000000        0x0 c:/program files (x86)/atmel/studio/7.0/toolchain/avr8/avr8-gnu-toolchain/bin/../lib/gcc/avr/5.4.0/../../../../avr/lib/avr5\libm.a(mulsf3x.o)
 .bss           0x00000000        0x0 c:/program files (x86)/atmel/studio/7.0/toolchain/avr8/avr8-gnu-toolchain/bin/../lib/gcc/avr/5.4.0/../../../../avr/lib/avr5\libm.a(mulsf3x.o)
 .text          0x00000000        0x0 c:/program files (x86)/atmel/studio/7.0/toolchain/avr8/avr8-gnu-toolchain/bin/../lib/gcc/avr/5.4.0/avr5\libgcc.a(_udivmodhi4.o)
 .data          0x00000000        0x0 c:/program files (x86)/atmel/studio/7.0/toolchain/avr8/avr8-gnu-toolchain/bin/../lib/gcc/avr/5.4.0/avr5\libgcc.a(_udivmodhi4.o)
 .bss           0x00000000        0x0 c:/program files (x86)/atmel/studio/7.0/toolchain/avr8/avr8-gnu-toolchain/bin/../lib/gcc/avr/5.4.0/avr5\libgcc.a(_udivmodhi4.o)
 .text.libgcc.mul
                0x00000000        0x0 c:/program files (x86)/atmel/studio/7.0/toolchain/avr8/avr8-gnu-toolchain/bin/../lib/gcc/avr/5.4.0/avr5\libgcc.a(_udivmodhi4.o)
 .text.libgcc   0x00000000        0x0 c:/program files (x86)/atmel/studio/7.0/toolchain/avr8/avr8-gnu-toolchain/bin/../lib/gcc/avr/5.4.0/avr5\libgcc.a(_udivmodhi4.o)
 .text.libgcc.prologue
                0x00000000        0x0 c:/program files (x86)/atmel/studio/7.0/toolchain/avr8/avr8-gnu-toolchain/bin/../lib/gcc/avr/5.4.0/avr5\libgcc.a(_udivmodhi4.o)
 .text.libgcc.builtins
                0x00000000        0x0 c:/program files (x86)/atmel/studio/7.0/toolchain/avr8/avr8-gnu-toolchain/bin/../lib/gcc/avr/5.4.0/avr5\libgcc.a(_udivmodhi4.o)
 .text.libgcc.fmul
                0x00000000        0x0 c:/program files (x86)/atmel/studio/7.0/toolchain/avr8/avr8-gnu-toolchain/bin/../lib/gcc/avr/5.4.0/avr5\libgcc.a(_udivmodhi4.o)
 .text.libgcc.fixed
                0x00000000        0x0 c:/program files (x86)/atmel/studio/7.0/toolchain/avr8/avr8-gnu-toolchain/bin/../lib/gcc/avr/5.4.0/avr5\libgcc.a(_udivmodhi4.o)
 .text          0x00000000        0x0 c:/program files (x86)/atmel/studio/7.0/toolchain/avr8/avr8-gnu-toolchain/bin/../lib/gcc/avr/5.4.0/avr5\libgcc.a(_udivmodsi4.o)
 .data          0x00000000        0x0 c:/program files (x86)/atmel/studio/7.0/toolchain/avr8/avr8-gnu-toolchain/bin/../lib/gcc/avr/5.4.0/avr5\libgcc.a(_udivmodsi4.o)
 .bss           0x00000000        0x0 c:/program files (x86)/atmel/studio/7.0/toolchain/avr8/avr8-gnu-toolchain/bin/../lib/gcc/avr/5.4.0/avr5\libgcc.a(_udivmodsi4.o)
 .text.libgcc.mul
                0x00000000        0x0 c:/program files (x86)/atmel/studio/7.0/toolchain/avr8/avr8-gnu-toolchain/bin/../lib/gcc/avr/5.4.0/avr5\libgcc.a(_udivmodsi4.o)
 .text.libgcc   0x00000000        0x0 c:/program files (x86)/atmel/studio/7.0/toolchain/avr8/avr8-gnu-toolchain/bin/../lib/gcc/avr/5.4.0/avr5\libgcc.a(_udivmodsi4.o)
 .text.libgcc.prologue
                0x00000000        0x0 c:/program files (x86)/atmel/studio/7.0/toolchain/avr8/avr8-gnu-toolchain/bin/../lib/gcc/avr/5.4.0/avr5\libgcc.a(_udivmodsi4.o)
 .text.libgcc.builtins
                0x00000000        0x0 c:/program files (x86)/atmel/studio/7.0/toolchain/avr8/avr8-gnu-toolchain/bin/../lib/gcc/avr/5.4.0/avr5\libgcc.a(_udivmodsi4.o)
 .text.libgcc.fmul
                0x00000000        0x0 c:/program files (x86)/atmel/studio/7.0/toolchain/avr8/avr8-gnu-toolchain/bin/../lib/gcc/avr/5.4.0/avr5\libgcc.a(_udivmodsi4.o)
 .text.libgcc.fixed
                0x00000000        0x0 c:/program files (x86)/atmel/studio/7.0/toolchain/avr8/avr8-gnu-toolchain/bin/../lib/gcc/avr/5.4.0/avr5\libgcc.a(_udivmodsi4.o)
 .text          0x00000000        0x0 c:/program files (x86)/atmel/studio/7.0/toolchain/avr8/avr8-gnu-toolchain/bin/../lib/gcc/avr/5.4.0/avr5\libgcc.a(_exit.o)
 .data          0x00000000        0x0 c:/program files (x86)/atmel/studio/7.0/toolchain/avr8/avr8-gnu-toolchain/bin/../lib/gcc/avr/5.4.0/avr5\libgcc.a(_exit.o)
 .bss           0x00000000        0x0 c:/program files (x86)/atmel/studio/7.0/toolchain/avr8/avr8-gnu-toolchain/bin/../lib/gcc/avr/5.4.0/avr5\libgcc.a(_exit.o)
 .text.libgcc.mul
                0x00000000        0x0 c:/program files (x86)/atmel/studio/7.0/toolchain/avr8/avr8-gnu-toolchain/bin/../lib/gcc/avr/5.4.0/avr5\libgcc.a(_exit.o)
 .text.libgcc.div
                0x00000000        0x0 c:/program files (x86)/atmel/studio/7.0/toolchain/avr8/avr8-gnu-toolchain/bin/../lib/gcc/avr/5.4.0/avr5\libgcc.a(_exit.o)
 .text.libgcc   0x00000000        0x0 c:/program files (x86)/atmel/studio/7.0/toolchain/avr8/avr8-gnu-toolchain/bin/../lib/gcc/avr/5.4.0/avr5\libgcc.a(_exit.o)
 .text.libgcc.prologue
                0x00000000        0x0 c:/program files (x86)/atmel/studio/7.0/toolchain/avr8/avr8-gnu-toolchain/bin/../lib/gcc/avr/5.4.0/avr5\libgcc.a(_exit.o)
 .text.libgcc.builtins
                0x00000000        0x0 c:/program files (x86)/atmel/studio/7.0/toolchain/avr8/avr8-gnu-toolchain/bin/../lib/gcc/avr/5.4.0/avr5\libgcc.a(_exit.o)
 .text.libgcc.fmul
                0x00000000        0x0 c:/program files (x86)/atmel/studio/7.0/toolchain/avr8/avr8-gnu-toolchain/bin/../lib/gcc/avr/5.4.0/avr5\libgcc.a(_exit.o)
 .text.libgcc.fixed
                0x00000000        0x0 c:/program files (x86)/atmel/studio/7.0/toolchain/avr8/avr8-gnu-toolchain/bin/../lib/gcc/avr/5.4.0/avr5\libgcc.a(_exit.o)
 .text          0x00000000        0x0 c:/program files (x86)/atmel/studio/7.0/toolchain/avr8/avr8-gnu-toolchain/bin/../lib/gcc/avr/5.4.0/avr5\libgcc.a(_copy_data.o)
 .data          0x00000000        0x0 c:/program files (x86)/atmel/studio/7.0/toolchain/avr8/avr8-gnu-toolchain/bin/../lib/gcc/avr/5.4.0/avr5\libgcc.a(_copy_data.o)
 .bss           0x00000000        0x0 c:/program files (x86)/atmel/studio/7.0/toolchain/avr8/avr8-gnu-toolchain/bin/../lib/gcc/avr/5.4.0/avr5\libgcc.a(_copy_data.o)
 .text.libgcc.mul
                0x00000000        0x0 c:/program files (x86)/atmel/studio/7.0/toolchain/avr8/avr8-gnu-toolchain/bin/../lib/gcc/avr/5.4.0/avr5\libgcc.a(_copy_data.o)
 .text.libgcc.div
                0x00000000        0x0 c:/program files (x86)/atmel/studio/7.0/toolchain/avr8/avr8-gnu-toolchain/bin/../lib/gcc/avr/5.4.0/avr5\libgcc.a(_copy_data.o)
 .text.libgcc   0x00000000        0x0 c:/program files (x86)/atmel/studio/7.0/toolchain/avr8/avr8-gnu-toolchain/bin/../lib/gcc/avr/5.4.0/avr5\libgcc.a(_copy_data.o)
 .text.libgcc.prologue
                0x00000000        0x0 c:/program files (x86)/atmel/studio/7.0/toolchain/avr8/avr8-gnu-toolchain/bin/../lib/gcc/avr/5.4.0/avr5\libgcc.a(_copy_data.o)
 .text.libgcc.builtins
                0x00000000        0x0 c:/program files (x86)/atmel/studio/7.0/toolchain/avr8/avr8-gnu-toolchain/bin/../lib/gcc/avr/5.4.0/avr5\libgcc.a(_copy_data.o)
 .text.libgcc.fmul
                0x00000000        0x0 c:/program files (x86)/atmel/studio/7.0/toolchain/avr8/avr8-gnu-toolchain/bin/../lib/gcc/avr/5.4.0/avr5\libgcc.a(_copy_data.o)
 .text.libgcc.fixed
                0x00000000        0x0 c:/program files (x86)/atmel/studio/7.0/toolchain/avr8/avr8-gnu-toolchain/bin/../lib/gcc/avr/5.4.0/avr5\libgcc.a(_copy_data.o)
 .text          0x00000000        0x0 c:/program files (x86)/atmel/studio/7.0/toolchain/avr8/avr8-gnu-toolchain/bin/../lib/gcc/avr/5.4.0/avr5\libgcc.a(_clear_bss.o)
 .data          0x00000000        0x0 c:/program files (x86)/atmel/studio/7.0/toolchain/avr8/avr8-gnu-toolchain/bin/../lib/gcc/avr/5.4.0/avr5\libgcc.a(_clear_bss.o)
 .bss           0x00000000        0x0 c:/program files (x86)/atmel/studio/7.0/toolchain/avr8/avr8-gnu-toolchain/bin/../lib/gcc/avr/5.4.0/avr5\libgcc.a(_clear_bss.o)
 .text.libgcc.mul
                0x00000000        0x0 c:/program files (x86)/atmel/studio/7.0/toolchain/avr8/avr8-gnu-toolchain/bin/../lib/gcc/avr/5.4.0/avr5\libgcc.a(_clear_bss.o)
 .text.libgcc.div
                0x00000000        0x0 c:/program files (x86)/atmel/studio/7.0/toolchain/avr8/avr8-gnu-toolchain/bin/../lib/gcc/avr/5.4.0/avr5\libgcc.a(_clear_bss.o)
 .text.libgcc   0x00000000        0x0 c:/program files (x86)/atmel/studio/7.0/toolchain/avr8/avr8-gnu-toolchain/bin/../lib/gcc/avr/5.4.0/avr5\libgcc.a(_clear_bss.o)
 .text.libgcc.prologue
                0x00000000        0x0 c:/program files (x86)/atmel/studio/7.0/toolchain/avr8/avr8-gnu-toolchain/bin/../lib/gcc/avr/5.4.0/avr5\libgcc.a(_clear_bss.o)
 .text.libgcc.builtins
                0x00000000        0x0 c:/program files (x86)/atmel/studio/7.0/toolchain/avr8/avr8-gnu-toolchain/bin/../lib/gcc/avr/5.4.0/avr5\libgcc.a(_clear_bss.o)
 .text.libgcc.fmul
                0x00000000        0x0 c:/program files (x86)/atmel/studio/7.0/toolchain/avr8/avr8-gnu-toolchain/bin/../lib/gcc/avr/5.4.0/avr5\libgcc.a(_clear_bss.o)
 .text.libgcc.fixed
                0x00000000        0x0 c:/program files (x86)/atmel/studio/7.0/toolchain/avr8/avr8-gnu-toolchain/bin/../lib/gcc/avr/5.4.0/avr5\libgcc.a(_clear_bss.o)
 .text          0x00000000        0x0 c:/program files (x86)/atmel/studio/7.0/toolchain/avr8/avr8-gnu-toolchain/bin/../lib/gcc/avr/5.4.0/avr5\libgcc.a(_umulhisi3.o)
 .data          0x00000000        0x0 c:/program files (x86)/atmel/studio/7.0/toolchain/avr8/avr8-gnu-toolchain/bin/../lib/gcc/avr/5.4.0/avr5\libgcc.a(_umulhisi3.o)
 .bss           0x00000000        0x0 c:/program files (x86)/atmel/studio/7.0/toolchain/avr8/avr8-gnu-toolchain/bin/../lib/gcc/avr/5.4.0/avr5\libgcc.a(_umulhisi3.o)
 .text.libgcc.div
                0x00000000        0x0 c:/program files (x86)/atmel/studio/7.0/toolchain/avr8/avr8-gnu-toolchain/bin/../lib/gcc/avr/5.4.0/avr5\libgcc.a(_umulhisi3.o)
 .text.libgcc   0x00000000        0x0 c:/program files (x86)/atmel/studio/7.0/toolchain/avr8/avr8-gnu-toolchain/bin/../lib/gcc/avr/5.4.0/avr5\libgcc.a(_umulhisi3.o)
 .text.libgcc.prologue
                0x00000000        0x0 c:/program files (x86)/atmel/studio/7.0/toolchain/avr8/avr8-gnu-toolchain/bin/../lib/gcc/avr/5.4.0/avr5\libgcc.a(_umulhisi3.o)
 .text.libgcc.builtins
                0x00000000        0x0 c:/program files (x86)/atmel/studio/7.0/toolchain/avr8/avr8-gnu-toolchain/bin/../lib/gcc/avr/5.4.0/avr5\libgcc.a(_umulhisi3.o)
 .text.libgcc.fmul
                0x00000000        0x0 c:/program files (x86)/atmel/studio/7.0/toolchain/avr8/avr8-gnu-toolchain/bin/../lib/gcc/avr/5.4.0/avr5\libgcc.a(_umulhisi3.o)
 .text.libgcc.fixed
                0x00000000        0x0 c:/program files (x86)/atmel/studio/7.0/toolchain/avr8/avr8-gnu-toolchain/bin/../lib/gcc/avr/5.4.0/avr5\libgcc.a(_umulhisi3.o)
 .text          0x00000000        0x0 c:/program files (x86)/atmel/studio/7.0/toolchain/avr8/avr8-gnu-toolchain/bin/../lib/gcc/avr/5.4.0/../../../../avr/lib/avr5\libc.a(memcpy.o)
 .data          0x00000000        0x0 c:/program files (x86)/atmel/studio/7.0/toolchain/avr8/avr8-gnu-toolchain/bin/../lib/gcc/avr/5.4.0/../../../../avr/lib/avr5\libc.a(memcpy.o)
 .bss           0x00000000        0x0 c:/program files (x86)/atmel/studio/7.0/toolchain/avr8/avr8-gnu-toolchain/bin/../lib/gcc/avr/5.4.0/../../../../avr/lib/avr5\libc.a(memcpy.o)
 .text          0x00000000        0x0 C:/Program Files (x86)/Atmel/Studio/7.0/Packs/atmel/ATmega_DFP/1.6.364/gcc/dev/atmega328p/avr5\libatmega328p.a(eerd_word.o)
 .data          0x00000000        0x0 C:/Program Files (x86)/Atmel/Studio/7.0/Packs/atmel/ATmega_DFP/1.6.364/gcc/dev/atmega328p/avr5\libatmega328p.a(eerd_word.o)
 .bss           0x00000000        0x0 C:/Program Files (x86)/Atmel/Studio/7.0/Packs/atmel/ATmega_DFP/1.6.364/gcc/dev/atmega328p/avr5\libatmega328p.a(eerd_word.o)
 .text          0x00000000        0x0 C:/Program Files (x86)/Atmel/Studio/7.0/Packs/atmel/ATmega_DFP/1.6.364/gcc/dev/atmega328p/avr5\libatmega328p.a(eewr_word.o)
 .data          0x00000000        0x0 C:/Program Files (x86)/Atmel/Studio/7.0/Packs/atmel/ATmega_DFP/1.6.364/gcc/dev/atmega328p/avr5\libatmega328p.a(eewr_word.o)
 .bss           0x00000000        0x0 C:/Program Files (x86)/Atmel/Studio/7.0/Packs/atmel/ATmega_DFP/1.6.364/gcc/dev/atmega328p/avr5\libatmega328p.a(eewr_word.o)
 .text          0x00000000        0x0 C:/Program Files (x86)/Atmel/Studio/7.0/Packs/atmel/ATmega_DFP/1.6.364/gcc/dev/atmega328p/avr5\libatmega328p.a(eerd_block.o)
 .data          0x00000000        0x0 C:/Program Files (x86)/Atmel/Studio/7.0/Packs/atmel/ATmega_DFP/1.6.364/gcc/dev/atmega328p/avr5\libatmega328p.a(eerd_block.o)
 .bss           0x00000000        0x0 C:/Program Files (x86)/Atmel/Studio/7.0/Packs/atmel/ATmega_DFP/1.6.364/gcc/dev/atmega328p/avr5\libatmega328p.a(eerd_block.o)
 .text          0x00000000        0x0 C:/Program Files (x86)/Atmel/Studio/7.0/Packs/atmel/ATmega_DFP/1.6.364/gcc/dev/atmega328p/avr5\libatmega328p.a(eewr_byte.o)
 .data          0x00000000        0x0 C:/Program Files (x86)/Atmel/Studio/7.0/Packs/atmel/ATmega_DFP/1.6.364/gcc/dev/atmega328p/avr5\libatmega328p.a(eewr_byte.o)
 .bss           0x00000000        0x0 C:/Program Files (x86)/Atmel/Studio/7.0/Packs/atmel/ATmega_DFP/1.6.364/gcc/dev/atmega328p/avr5\libatmega328p.a(eewr_byte.o)

Memory Configuration

Name             Origin             Length             Attributes
text             0x00000000         0x00008000         xr
data             0x00800100         0x00000800         rw !x
eeprom           0x00810000         0x00000400         rw !x
fuse             0x00820000         0x00000003         rw !x
lock             0x00830000         0x00000400         rw !x
signature        0x00840000         0x00000400         rw !x
user_signatures  0x00850000         0x00000400         rw !x
*default*        0x00000000         0xffffffff

Linker script and memory map

Address of section .data set to 0x800100
LOAD C:/Program Files (x86)/Atmel/Studio/7.0/Packs/atmel/ATmega_DFP/1.6.364/gcc/dev/atmega328p/avr5/crtatmega328p.o
LOAD fun_ADC.o
LOAD main.o
LOAD modbus/mb.o
LOAD modbus/mbcrc.o
LOAD modbus/mbfunccoils.o
LOAD modbus/mbfuncdiag.o
LOAD modbus/mbfuncdisc.o
LOAD modbus/mbfuncholding.o
LOAD modbus/mbfuncinput.o
LOAD modbus/mbfuncother.o
LOAD modbus/mbrtu.o
LOAD modbus/mbutils.o
LOAD modbus/portevent.o
LOAD modbus/portserial.o
LOAD modbus/porttimer.o
LOAD read_pin_in_out.o
START GROUP
LOAD c:/program files (x86)/atmel/studio/7.0/toolchain/avr8/avr8-gnu-toolchain/bin/../lib/gcc/avr/5.4.0/../../../../avr/lib/avr5\libm.a
END GROUP
LOAD c:/program files (x86)/atmel/studio/7.0/toolchain/avr8/avr8-gnu-toolchain/bin/../lib/gcc/avr/5.4.0/avr5\libgcc.a
LOAD c:/program files (x86)/atmel/studio/7.0/toolchain/avr8/avr8-gnu-toolchain/bin/../lib/gcc/avr/5.4.0/../../../../avr/lib/avr5\libm.a
START GROUP
LOAD c:/program files (x86)/atmel/studio/7.0/toolchain/avr8/avr8-gnu-toolchain/bin/../lib/gcc/avr/5.4.0/avr5\libgcc.a
LOAD c:/program files (x86)/atmel/studio/7.0/toolchain/avr8/avr8-gnu-toolchain/bin/../lib/gcc/avr/5.4.0/../../../../avr/lib/avr5\libm.a
LOAD c:/program files (x86)/atmel/studio/7.0/toolchain/avr8/avr8-gnu-toolchain/bin/../lib/gcc/avr/5.4.0/../../../../avr/lib/avr5\libc.a
LOAD C:/Program Files (x86)/Atmel/Studio/7.0/Packs/atmel/ATmega_DFP/1.6.364/gcc/dev/atmega328p/avr5\libatmega328p.a
END GROUP
                0x00000000                __TEXT_REGION_ORIGIN__ = DEFINED (__TEXT_REGION_ORIGIN__)?__TEXT_REGION_ORIGIN__:0x0
                [0x00800100]                __DATA_REGION_ORIGIN__ = DEFINED (__DATA_REGION_ORIGIN__)?__DATA_REGION_ORIGIN__:0x800060
                [0x00008000]                __TEXT_REGION_LENGTH__ = DEFINED (__TEXT_REGION_LENGTH__)?__TEXT_REGION_LENGTH__:0x20000
                [0x00000800]                __DATA_REGION_LENGTH__ = DEFINED (__DATA_REGION_LENGTH__)?__DATA_REGION_LENGTH__:0xffa0
                [0x00000400]                __EEPROM_REGION_LENGTH__ = DEFINED (__EEPROM_REGION_LENGTH__)?__EEPROM_REGION_LENGTH__:0x10000
                [0x00000003]                __FUSE_REGION_LENGTH__ = DEFINED (__FUSE_REGION_LENGTH__)?__FUSE_REGION_LENGTH__:0x400
                0x00000400                __LOCK_REGION_LENGTH__ = DEFINED (__LOCK_REGION_LENGTH__)?__LOCK_REGION_LENGTH__:0x400
                0x00000400                __SIGNATURE_REGION_LENGTH__ = DEFINED (__SIGNATURE_REGION_LENGTH__)?__SIGNATURE_REGION_LENGTH__:0x400
                0x00000400                __USER_SIGNATURE_REGION_LENGTH__ = DEFINED (__USER_SIGNATURE_REGION_LENGTH__)?__USER_SIGNATURE_REGION_LENGTH__:0x400

.hash
 *(.hash)

.dynsym
 *(.dynsym)

.dynstr
 *(.dynstr)

.gnu.version
 *(.gnu.version)

.gnu.version_d
 *(.gnu.version_d)

.gnu.version_r
 *(.gnu.version_r)

.rel.init
 *(.rel.init)

.rela.init
 *(.rela.init)

.rel.text
 *(.rel.text)
 *(.rel.text.*)
 *(.rel.gnu.linkonce.t*)

.rela.text
 *(.rela.text)
 *(.rela.text.*)
 *(.rela.gnu.linkonce.t*)

.rel.fini
 *(.rel.fini)

.rela.fini
 *(.rela.fini)

.rel.rodata
 *(.rel.rodata)
 *(.rel.rodata.*)
 *(.rel.gnu.linkonce.r*)

.rela.rodata
 *(.rela.rodata)
 *(.rela.rodata.*)
 *(.rela.gnu.linkonce.r*)

.rel.data
 *(.rel.data)
 *(.rel.data.*)
 *(.rel.gnu.linkonce.d*)

.rela.data
 *(.rela.data)
 *(.rela.data.*)
 *(.rela.gnu.linkonce.d*)

.rel.ctors
 *(.rel.ctors)

.rela.ctors
 *(.rela.ctors)

.rel.dtors
 *(.rel.dtors)

.rela.dtors
 *(.rela.dtors)

.rel.got
 *(.rel.got)

.rela.got
 *(.rela.got)

.rel.bss
 *(.rel.bss)

.rela.bss
 *(.rela.bss)

.rel.plt
 *(.rel.plt)

.rela.plt
 *(.rela.plt)

.text           0x00000000     0x23bc
 *(.vectors)
 .vectors       0x00000000       0x68 C:/Program Files (x86)/Atmel/Studio/7.0/Packs/atmel/ATmega_DFP/1.6.364/gcc/dev/atmega328p/avr5/crtatmega328p.o
                0x00000000                __vector_default
                0x00000000                __vectors
 *(.vectors)
 *(.progmem.gcc*)
                0x00000068                . = ALIGN (0x2)
                0x00000068                __trampolines_start = .
 *(.trampolines)
 .trampolines   0x00000068        0x0 linker stubs
 *(.trampolines*)
                0x00000068                __trampolines_end = .
 *libprintf_flt.a:*(.progmem.data)
 *libc.a:*(.progmem.data)
 *(.progmem*)
 .progmem.data.aucCRCLo
                0x00000068      0x100 modbus/mbcrc.o
 .progmem.data.aucCRCHi
                0x00000168      0x100 modbus/mbcrc.o
                0x00000268                . = ALIGN (0x2)
 *(.jumptables)
 *(.jumptables*)
 *(.lowtext)
 *(.lowtext*)
                0x00000268                __ctors_start = .
 *(.ctors)
                0x00000268                __ctors_end = .
                0x00000268                __dtors_start = .
 *(.dtors)
                0x00000268                __dtors_end = .
 SORT(*)(.ctors)
 SORT(*)(.dtors)
 *(.init0)
 .init0         0x00000268        0x0 C:/Program Files (x86)/Atmel/Studio/7.0/Packs/atmel/ATmega_DFP/1.6.364/gcc/dev/atmega328p/avr5/crtatmega328p.o
                0x00000268                __init
 *(.init0)
 *(.init1)
 *(.init1)
 *(.init2)
 .init2         0x00000268        0xc C:/Program Files (x86)/Atmel/Studio/7.0/Packs/atmel/ATmega_DFP/1.6.364/gcc/dev/atmega328p/avr5/crtatmega328p.o
 *(.init2)
 *(.init3)
 *(.init3)
 *(.init4)
 .init4         0x00000274       0x16 c:/program files (x86)/atmel/studio/7.0/toolchain/avr8/avr8-gnu-toolchain/bin/../lib/gcc/avr/5.4.0/avr5\libgcc.a(_copy_data.o)
                0x00000274                __do_copy_data
 .init4         0x0000028a       0x10 c:/program files (x86)/atmel/studio/7.0/toolchain/avr8/avr8-gnu-toolchain/bin/../lib/gcc/avr/5.4.0/avr5\libgcc.a(_clear_bss.o)
                0x0000028a                __do_clear_bss
 *(.init4)
 *(.init5)
 *(.init5)
 *(.init6)
 *(.init6)
 *(.init7)
 *(.init7)
 *(.init8)
 *(.init8)
 *(.init9)
 .init9         0x0000029a        0x8 C:/Program Files (x86)/Atmel/Studio/7.0/Packs/atmel/ATmega_DFP/1.6.364/gcc/dev/atmega328p/avr5/crtatmega328p.o
 *(.init9)
 *(.text)
 .text          0x000002a2        0x4 C:/Program Files (x86)/Atmel/Studio/7.0/Packs/atmel/ATmega_DFP/1.6.364/gcc/dev/atmega328p/avr5/crtatmega328p.o
                0x000002a2                __vector_22
                0x000002a2                __vector_1
                0x000002a2                __vector_24
                0x000002a2                __vector_12
                0x000002a2                __bad_interrupt
                0x000002a2                __vector_6
                0x000002a2                __vector_3
                0x000002a2                __vector_23
                0x000002a2                __vector_25
                0x000002a2                __vector_13
                0x000002a2                __vector_17
                0x000002a2                __vector_7
                0x000002a2                __vector_5
                0x000002a2                __vector_4
                0x000002a2                __vector_2
                0x000002a2                __vector_21
                0x000002a2                __vector_15
                0x000002a2                __vector_8
                0x000002a2                __vector_14
                0x000002a2                __vector_10
                0x000002a2                __vector_16
                0x000002a6                . = ALIGN (0x2)
 *(.text.*)
 .text._Z15ADC_init_Pt1000v
                0x000002a6       0x7a fun_ADC.o
                0x000002a6                _Z15ADC_init_Pt1000v
 .text._Z12ADC_init_NTCv
                0x00000320       0x7a fun_ADC.o
                0x00000320                _Z12ADC_init_NTCv
 .text._Z22zamer_ADC_tmprt_Pt1000fff
                0x0000039a      0x134 fun_ADC.o
                0x0000039a                _Z22zamer_ADC_tmprt_Pt1000fff
 .text._Z19zamer_ADC_tmprt_NTCf
                0x000004ce      0x12e fun_ADC.o
                0x000004ce                _Z19zamer_ADC_tmprt_NTCf
 .text.__vector_20
                0x000005fc       0x1e main.o
                0x000005fc                __vector_20
 .text.__vector_19
                0x0000061a       0x48 main.o
                0x0000061a                __vector_19
 .text.__vector_18
                0x00000662       0x48 main.o
                0x00000662                __vector_18
 .text.__vector_11
                0x000006aa       0x48 main.o
                0x000006aa                __vector_11
 .text.__vector_9
                0x000006f2       0x1e main.o
                0x000006f2                __vector_9
 .text._Z10initTimer2v
                0x00000710       0x1a main.o
                0x00000710                _Z10initTimer2v
 .text.eMBRegInputCB
                0x0000072a       0x4c main.o
                0x0000072a                eMBRegInputCB
 .text.eMBRegHoldingCB
                0x00000776       0xb2 main.o
                0x00000776                eMBRegHoldingCB
 .text._Z18write_new_motochasj
                0x00000828      0x178 main.o
                0x00000828                _Z18write_new_motochasj
 .text.main     0x000009a0      0x7ac main.o
                0x000009a0                main
 .text.eMBInit  0x0000114c       0x96 modbus/mb.o
                0x0000114c                eMBInit
 .text.eMBEnable
                0x000011e2       0x1e modbus/mb.o
                0x000011e2                eMBEnable
 .text.eMBPoll  0x00001200      0x154 modbus/mb.o
                0x00001200                eMBPoll
 .text.usMBCRC16
                0x00001354       0x42 modbus/mbcrc.o
                0x00001354                usMBCRC16
 .text.eMBFuncWriteHoldingRegister
                0x00001396       0x38 modbus/mbfuncholding.o
                0x00001396                eMBFuncWriteHoldingRegister
 .text.eMBFuncWriteMultipleHoldingRegister
                0x000013ce       0x6e modbus/mbfuncholding.o
                0x000013ce                eMBFuncWriteMultipleHoldingRegister
 .text.eMBFuncReadHoldingRegister
                0x0000143c       0x9c modbus/mbfuncholding.o
                0x0000143c                eMBFuncReadHoldingRegister
 .text.eMBFuncReadWriteMultipleHoldingRegister
                0x000014d8      0x116 modbus/mbfuncholding.o
                0x000014d8                eMBFuncReadWriteMultipleHoldingRegister
 .text.eMBFuncReadInputRegister
                0x000015ee       0x9c modbus/mbfuncinput.o
                0x000015ee                eMBFuncReadInputRegister
 .text.eMBSetSlaveID
                0x0000168a       0x56 modbus/mbfuncother.o
                0x0000168a                eMBSetSlaveID
 .text.eMBFuncReportSlaveID
                0x000016e0       0x32 modbus/mbfuncother.o
                0x000016e0                eMBFuncReportSlaveID
 .text.eMBRTUInit
                0x00001712       0x4e modbus/mbrtu.o
                0x00001712                eMBRTUInit
 .text.eMBRTUStart
                0x00001760       0x16 modbus/mbrtu.o
                0x00001760                eMBRTUStart
 .text.eMBRTUStop
                0x00001776       0x12 modbus/mbrtu.o
                0x00001776                eMBRTUStop
 .text.eMBRTUReceive
                0x00001788       0x70 modbus/mbrtu.o
                0x00001788                eMBRTUReceive
 .text.eMBRTUSend
                0x000017f8       0xa0 modbus/mbrtu.o
                0x000017f8                eMBRTUSend
 .text.xMBRTUReceiveFSM
                0x00001898       0x94 modbus/mbrtu.o
                0x00001898                xMBRTUReceiveFSM
 .text.xMBRTUTransmitFSM
                0x0000192c       0x7c modbus/mbrtu.o
                0x0000192c                xMBRTUTransmitFSM
 .text.xMBRTUTimerT35Expired
                0x000019a8       0x36 modbus/mbrtu.o
                0x000019a8                xMBRTUTimerT35Expired
 .text.prveMBError2Exception
                0x000019de       0x1c modbus/mbutils.o
                0x000019de                prveMBError2Exception
 .text.xMBPortEventInit
                0x000019fa        0x8 modbus/portevent.o
                0x000019fa                xMBPortEventInit
 .text.xMBPortEventPost
                0x00001a02        0xe modbus/portevent.o
                0x00001a02                xMBPortEventPost
 .text.xMBPortEventGet
                0x00001a10       0x1c modbus/portevent.o
                0x00001a10                xMBPortEventGet
 .text.vMBPortSerialEnable
                0x00001a2c       0x42 modbus/portserial.o
                0x00001a2c                vMBPortSerialEnable
 .text.xMBPortSerialPutByte
                0x00001a6e        0x8 modbus/portserial.o
                0x00001a6e                xMBPortSerialPutByte
 .text.xMBPortTimersInit
                0x00001a76       0x46 modbus/porttimer.o
                0x00001a76                xMBPortTimersInit
 .text.vMBPortTimersEnable
                0x00001abc       0x3a modbus/porttimer.o
                0x00001abc                vMBPortTimersEnable
 .text.vMBPortTimersDisable
                0x00001af6       0x1c modbus/porttimer.o
                0x00001af6                vMBPortTimersDisable
 .text._Z15read_pin_in_outv
                0x00001b12      0x34a read_pin_in_out.o
                0x00001b12                _Z15read_pin_in_outv
 .text.avr-libc.fplib
                0x00001e5c        0xe c:/program files (x86)/atmel/studio/7.0/toolchain/avr8/avr8-gnu-toolchain/bin/../lib/gcc/avr/5.4.0/../../../../avr/lib/avr5\libm.a(addsf3.o)
                0x00001e5c                __subsf3
                0x00001e5e                __addsf3
 .text.avr-libc.fplib
                0x00001e6a       0xcc c:/program files (x86)/atmel/studio/7.0/toolchain/avr8/avr8-gnu-toolchain/bin/../lib/gcc/avr/5.4.0/../../../../avr/lib/avr5\libm.a(addsf3x.o)
                0x00001e8c                __addsf3x
 .text.avr-libc.fplib
                0x00001f36        0xa c:/program files (x86)/atmel/studio/7.0/toolchain/avr8/avr8-gnu-toolchain/bin/../lib/gcc/avr/5.4.0/../../../../avr/lib/avr5\libm.a(cmpsf2.o)
                0x00001f36                __nesf2
                0x00001f36                __eqsf2
                0x00001f36                __cmpsf2
                0x00001f36                __ltsf2
                0x00001f36                __lesf2
 .text.avr-libc.fplib
                0x00001f40        0x8 c:/program files (x86)/atmel/studio/7.0/toolchain/avr8/avr8-gnu-toolchain/bin/../lib/gcc/avr/5.4.0/../../../../avr/lib/avr5\libm.a(divsf3.o)
                0x00001f40                __divsf3
 .text.avr-libc.fplib
                0x00001f48       0xdc c:/program files (x86)/atmel/studio/7.0/toolchain/avr8/avr8-gnu-toolchain/bin/../lib/gcc/avr/5.4.0/../../../../avr/lib/avr5\libm.a(divsf3x.o)
                0x00001f68                __divsf3x
                0x00001f6e                __divsf3_pse
 .text.avr-libc.fplib
                0x00002024       0x5e c:/program files (x86)/atmel/studio/7.0/toolchain/avr8/avr8-gnu-toolchain/bin/../lib/gcc/avr/5.4.0/../../../../avr/lib/avr5\libm.a(fixunssfsi.o)
                0x00002024                __fixunssfsi
 .text.avr-libc.fplib
                0x00002082       0x7a c:/program files (x86)/atmel/studio/7.0/toolchain/avr8/avr8-gnu-toolchain/bin/../lib/gcc/avr/5.4.0/../../../../avr/lib/avr5\libm.a(floatsisf.o)
                0x00002082                __floatunsisf
                0x00002086                __floatsisf
 .text.avr-libc.fplib
                0x000020fc       0x48 c:/program files (x86)/atmel/studio/7.0/toolchain/avr8/avr8-gnu-toolchain/bin/../lib/gcc/avr/5.4.0/../../../../avr/lib/avr5\libm.a(fp_cmp.o)
                0x000020fc                __fp_cmp
 .text.avr-libc.fplib
                0x00002144        0xc c:/program files (x86)/atmel/studio/7.0/toolchain/avr8/avr8-gnu-toolchain/bin/../lib/gcc/avr/5.4.0/../../../../avr/lib/avr5\libm.a(fp_inf.o)
                0x00002144                __fp_inf
 .text.avr-libc.fplib
                0x00002150        0x6 c:/program files (x86)/atmel/studio/7.0/toolchain/avr8/avr8-gnu-toolchain/bin/../lib/gcc/avr/5.4.0/../../../../avr/lib/avr5\libm.a(fp_nan.o)
                0x00002150                __fp_nan
 .text.avr-libc.fplib
                0x00002156        0xe c:/program files (x86)/atmel/studio/7.0/toolchain/avr8/avr8-gnu-toolchain/bin/../lib/gcc/avr/5.4.0/../../../../avr/lib/avr5\libm.a(fp_pscA.o)
                0x00002156                __fp_pscA
 .text.avr-libc.fplib
                0x00002164        0xe c:/program files (x86)/atmel/studio/7.0/toolchain/avr8/avr8-gnu-toolchain/bin/../lib/gcc/avr/5.4.0/../../../../avr/lib/avr5\libm.a(fp_pscB.o)
                0x00002164                __fp_pscB
 .text.avr-libc.fplib
                0x00002172       0x22 c:/program files (x86)/atmel/studio/7.0/toolchain/avr8/avr8-gnu-toolchain/bin/../lib/gcc/avr/5.4.0/../../../../avr/lib/avr5\libm.a(fp_round.o)
                0x00002172                __fp_round
 .text.avr-libc.fplib
                0x00002194       0x44 c:/program files (x86)/atmel/studio/7.0/toolchain/avr8/avr8-gnu-toolchain/bin/../lib/gcc/avr/5.4.0/../../../../avr/lib/avr5\libm.a(fp_split3.o)
                0x00002194                __fp_split3
                0x000021a4                __fp_splitA
 .text.avr-libc.fplib
                0x000021d8        0xe c:/program files (x86)/atmel/studio/7.0/toolchain/avr8/avr8-gnu-toolchain/bin/../lib/gcc/avr/5.4.0/../../../../avr/lib/avr5\libm.a(fp_zero.o)
                0x000021d8                __fp_zero
                0x000021da                __fp_szero
 .text.avr-libc.fplib
                0x000021e6        0xa c:/program files (x86)/atmel/studio/7.0/toolchain/avr8/avr8-gnu-toolchain/bin/../lib/gcc/avr/5.4.0/../../../../avr/lib/avr5\libm.a(gesf2.o)
                0x000021e6                __gesf2
                0x000021e6                __gtsf2
 .text.avr-libc.fplib
                0x000021f0        0x8 c:/program files (x86)/atmel/studio/7.0/toolchain/avr8/avr8-gnu-toolchain/bin/../lib/gcc/avr/5.4.0/../../../../avr/lib/avr5\libm.a(mulsf3.o)
                0x000021f0                __mulsf3
 .text.avr-libc.fplib
                0x000021f8       0xd2 c:/program files (x86)/atmel/studio/7.0/toolchain/avr8/avr8-gnu-toolchain/bin/../lib/gcc/avr/5.4.0/../../../../avr/lib/avr5\libm.a(mulsf3x.o)
                0x00002216                __mulsf3x
                0x0000221c                __mulsf3_pse
 .text.libgcc.div
                0x000022ca       0x28 c:/program files (x86)/atmel/studio/7.0/toolchain/avr8/avr8-gnu-toolchain/bin/../lib/gcc/avr/5.4.0/avr5\libgcc.a(_udivmodhi4.o)
                0x000022ca                __udivmodhi4
 .text.libgcc.div
                0x000022f2       0x44 c:/program files (x86)/atmel/studio/7.0/toolchain/avr8/avr8-gnu-toolchain/bin/../lib/gcc/avr/5.4.0/avr5\libgcc.a(_udivmodsi4.o)
                0x000022f2                __udivmodsi4
 .text.libgcc.mul
                0x00002336       0x1e c:/program files (x86)/atmel/studio/7.0/toolchain/avr8/avr8-gnu-toolchain/bin/../lib/gcc/avr/5.4.0/avr5\libgcc.a(_umulhisi3.o)
                0x00002336                __umulhisi3
 .text.avr-libc
                0x00002354       0x12 c:/program files (x86)/atmel/studio/7.0/toolchain/avr8/avr8-gnu-toolchain/bin/../lib/gcc/avr/5.4.0/../../../../avr/lib/avr5\libc.a(memcpy.o)
                0x00002354                memcpy
 .text.avr-libc
                0x00002366        0xc C:/Program Files (x86)/Atmel/Studio/7.0/Packs/atmel/ATmega_DFP/1.6.364/gcc/dev/atmega328p/avr5\libatmega328p.a(eerd_word.o)
                0x00002366                eeprom_read_word
 .text.avr-libc
                0x00002372        0xa C:/Program Files (x86)/Atmel/Studio/7.0/Packs/atmel/ATmega_DFP/1.6.364/gcc/dev/atmega328p/avr5\libatmega328p.a(eewr_word.o)
                0x00002372                eeprom_write_word
 .text.avr-libc
                0x0000237c       0x20 C:/Program Files (x86)/Atmel/Studio/7.0/Packs/atmel/ATmega_DFP/1.6.364/gcc/dev/atmega328p/avr5\libatmega328p.a(eerd_block.o)
                0x0000237c                eeprom_read_block
                0x00002380                eeprom_read_blraw
 .text.avr-libc
                0x0000239c       0x1c C:/Program Files (x86)/Atmel/Studio/7.0/Packs/atmel/ATmega_DFP/1.6.364/gcc/dev/atmega328p/avr5\libatmega328p.a(eewr_byte.o)
                0x0000239c                eeprom_write_byte
                0x0000239e                eeprom_write_r18
                0x000023b8                . = ALIGN (0x2)
 *(.fini9)
 .fini9         0x000023b8        0x0 c:/program files (x86)/atmel/studio/7.0/toolchain/avr8/avr8-gnu-toolchain/bin/../lib/gcc/avr/5.4.0/avr5\libgcc.a(_exit.o)
                0x000023b8                _exit
                0x000023b8                exit
 *(.fini9)
 *(.fini8)
 *(.fini8)
 *(.fini7)
 *(.fini7)
 *(.fini6)
 *(.fini6)
 *(.fini5)
 *(.fini5)
 *(.fini4)
 *(.fini4)
 *(.fini3)
 *(.fini3)
 *(.fini2)
 *(.fini2)
 *(.fini1)
 *(.fini1)
 *(.fini0)
 .fini0         0x000023b8        0x4 c:/program files (x86)/atmel/studio/7.0/toolchain/avr8/avr8-gnu-toolchain/bin/../lib/gcc/avr/5.4.0/avr5\libgcc.a(_exit.o)
 *(.fini0)
                0x000023bc                _etext = .

.data           0x00800100      0x134 load address 0x000023bc
                0x00800100                PROVIDE (__data_start, .)
 *(.data)
 *(.data*)
 .data.table_NTC_Om
                0x00800100      0x11a fun_ADC.o
                0x00800100                table_NTC_Om
 .data.xFuncHandlers
                0x0080021a       0x15 modbus/mb.o
 .data.eMBState
                0x0080022f        0x1 modbus/mb.o
 *(.gnu.linkonce.d*)
 *(.rodata)
 *(.rodata*)
 .rodata._ZL9ucSlaveID
                0x00800230        0x3 main.o
 *(.gnu.linkonce.r*)
                0x00800234                . = ALIGN (0x2)
 *fill*         0x00800233        0x1 
                0x00800234                _edata = .
                0x00800234                PROVIDE (__data_end, .)

.bss            0x00800234      0x20a
                0x00800234                PROVIDE (__bss_start, .)
 *(.bss)
 *(.bss*)
 .bss.cmd_out5_real
                0x00800234        0x1 main.o
                0x00800234                cmd_out5_real
 .bss.cmd_out4_real
                0x00800235        0x1 main.o
                0x00800235                cmd_out4_real
 .bss.cmd_out3_real
                0x00800236        0x1 main.o
                0x00800236                cmd_out3_real
 .bss.cmd_out2_real
                0x00800237        0x1 main.o
                0x00800237                cmd_out2_real
 .bss.cmd_out1_real
                0x00800238        0x1 main.o
                0x00800238                cmd_out1_real
 .bss.cmd_us_real
                0x00800239        0x1 main.o
                0x00800239                cmd_us_real
 .bss.cmd_ten_real
                0x0080023a        0x1 main.o
                0x0080023a                cmd_ten_real
 .bss.old_mode_termodat
                0x0080023b        0x1 main.o
                0x0080023b                old_mode_termodat
 .bss.mode_DatLevel
                0x0080023c        0x1 main.o
                0x0080023c                mode_DatLevel
 .bss.mode_termodat
                0x0080023d        0x1 main.o
                0x0080023d                mode_termodat
 .bss.cmd_out5_mb
                0x0080023e        0x1 main.o
                0x0080023e                cmd_out5_mb
 .bss.cmd_out4_mb
                0x0080023f        0x1 main.o
                0x0080023f                cmd_out4_mb
 .bss.cmd_out3_mb
                0x00800240        0x1 main.o
                0x00800240                cmd_out3_mb
 .bss.cmd_out2_mb
                0x00800241        0x1 main.o
                0x00800241                cmd_out2_mb
 .bss.cmd_out1_mb
                0x00800242        0x1 main.o
                0x00800242                cmd_out1_mb
 .bss.cmd_us_mb
                0x00800243        0x1 main.o
                0x00800243                cmd_us_mb
 .bss.cmd_nagrev_mb
                0x00800244        0x1 main.o
                0x00800244                cmd_nagrev_mb
 .bss.count_sec_motochas_RELE
                0x00800245        0x1 main.o
                0x00800245                count_sec_motochas_RELE
 .bss.count_sec_motochas_TEN
                0x00800246        0x1 main.o
                0x00800246                count_sec_motochas_TEN
 .bss.count_sec_motochas_US
                0x00800247        0x1 main.o
                0x00800247                count_sec_motochas_US
 .bss.motochas_hh_RELE
                0x00800248        0x2 main.o
                0x00800248                motochas_hh_RELE
 .bss.motochas_mm_RELE
                0x0080024a        0x2 main.o
                0x0080024a                motochas_mm_RELE
 .bss.motochas_hh_TEN
                0x0080024c        0x2 main.o
                0x0080024c                motochas_hh_TEN
 .bss.motochas_mm_TEN
                0x0080024e        0x2 main.o
                0x0080024e                motochas_mm_TEN
 .bss.motochas_hh_US
                0x00800250        0x2 main.o
                0x00800250                motochas_hh_US
 .bss.motochas_mm_US
                0x00800252        0x2 main.o
                0x00800252                motochas_mm_US
 .bss.count_65500
                0x00800254        0x2 main.o
                0x00800254                count_65500
 .bss.adr_offset_EE
                0x00800256        0x2 main.o
                0x00800256                adr_offset_EE
 .bss.temp_zero
                0x00800258        0x2 main.o
                0x00800258                temp_zero
 .bss.DatLevel  0x0080025a        0x1 main.o
                0x0080025a                DatLevel
 .bss.index_tmprt
                0x0080025b        0x1 main.o
                0x0080025b                index_tmprt
 .bss.array_tmprt_izm
                0x0080025c       0x28 main.o
                0x0080025c                array_tmprt_izm
 .bss.tmprt_izm_float
                0x00800284        0x4 main.o
                0x00800284                tmprt_izm_float
 .bss.tmprt_curr_float
                0x00800288        0x4 main.o
                0x00800288                tmprt_curr_float
 .bss.temp_usRegInputBuf
                0x0080028c        0x2 main.o
                0x0080028c                temp_usRegInputBuf
 .bss.temp_portD
                0x0080028e        0x1 main.o
                0x0080028e                temp_portD
 .bss.temp_portC
                0x0080028f        0x1 main.o
                0x0080028f                temp_portC
 .bss.temp_portB
                0x00800290        0x1 main.o
                0x00800290                temp_portB
 .bss.count_61_isr16ms
                0x00800291        0x1 main.o
                0x00800291                count_61_isr16ms
 .bss.eStatus   0x00800292        0x1 main.o
                0x00800292                eStatus
 .bss.MB_adres  0x00800293        0x1 main.o
                0x00800293                MB_adres
 .bss.flag_count_press_button
                0x00800294        0x1 main.o
                0x00800294                flag_count_press_button
 .bss.count_PD6
                0x00800295        0x1 main.o
                0x00800295                count_PD6
 .bss.count_PD7
                0x00800296        0x1 main.o
                0x00800296                count_PD7
 .bss.count_PB0
                0x00800297        0x1 main.o
                0x00800297                count_PB0
 .bss.count_PD3
                0x00800298        0x1 main.o
                0x00800298                count_PD3
 .bss.count_PD4
                0x00800299        0x1 main.o
                0x00800299                count_PD4
 .bss.count_PB5
                0x0080029a        0x1 main.o
                0x0080029a                count_PB5
 .bss.count_PB4
                0x0080029b        0x1 main.o
                0x0080029b                count_PB4
 .bss.count_PC1
                0x0080029c        0x1 main.o
                0x0080029c                count_PC1
 .bss.count_PB1
                0x0080029d        0x1 main.o
                0x0080029d                count_PB1
 .bss.count_PB2
                0x0080029e        0x1 main.o
                0x0080029e                count_PB2
 .bss.count_PC2
                0x0080029f        0x1 main.o
                0x0080029f                count_PC2
 .bss.count_PD2
                0x008002a0        0x1 main.o
                0x008002a0                count_PD2
 .bss.count_PD5
                0x008002a1        0x1 main.o
                0x008002a1                count_PD5
 .bss.count_PC4
                0x008002a2        0x1 main.o
                0x008002a2                count_PC4
 .bss.count_PC5
                0x008002a3        0x1 main.o
                0x008002a3                count_PC5
 .bss.input_IN5_adv_plata
                0x008002a4        0x1 main.o
                0x008002a4                input_IN5_adv_plata
 .bss.input_IN4_adv_plata
                0x008002a5        0x1 main.o
                0x008002a5                input_IN4_adv_plata
 .bss.input_IN3_adv_plata
                0x008002a6        0x1 main.o
                0x008002a6                input_IN3_adv_plata
 .bss.input_IN2_adv_plata
                0x008002a7        0x1 main.o
                0x008002a7                input_IN2_adv_plata
 .bss.input_IN1_adv_plata
                0x008002a8        0x1 main.o
                0x008002a8                input_IN1_adv_plata
 .bss.input_button_TEN
                0x008002a9        0x1 main.o
                0x008002a9                input_button_TEN
 .bss.input_button_US
                0x008002aa        0x1 main.o
                0x008002aa                input_button_US
 .bss.input_IN_main_plata
                0x008002ab        0x1 main.o
                0x008002ab                input_IN_main_plata
 .bss.status_indikator_MB
                0x008002ac        0x1 main.o
                0x008002ac                status_indikator_MB
 .bss.status_pin_out5
                0x008002ad        0x1 main.o
                0x008002ad                status_pin_out5
 .bss.status_pin_out4
                0x008002ae        0x1 main.o
                0x008002ae                status_pin_out4
 .bss.status_pin_out3
                0x008002af        0x1 main.o
                0x008002af                status_pin_out3
 .bss.status_pin_out2
                0x008002b0        0x1 main.o
                0x008002b0                status_pin_out2
 .bss.status_pin_out1
                0x008002b1        0x1 main.o
                0x008002b1                status_pin_out1
 .bss.status_pin_us
                0x008002b2        0x1 main.o
                0x008002b2                status_pin_us
 .bss.status_pin_ten
                0x008002b3        0x1 main.o
                0x008002b3                status_pin_ten
 .bss.usReg_HOLDING_Buf
                0x008002b4       0x20 main.o
                0x008002b4                usReg_HOLDING_Buf
 .bss.usRegInputBuf
                0x008002d4       0x20 main.o
                0x008002d4                usRegInputBuf
 .bss.setup_termo_max_us
                0x008002f4        0x2 main.o
                0x008002f4                setup_termo_max_us
 .bss.setup_termo_gradus
                0x008002f6        0x2 main.o
                0x008002f6                setup_termo_gradus
 .bss.Rtd_om_RAM
                0x008002f8        0x2 main.o
                0x008002f8                Rtd_om_RAM
 .bss.Uaref_mv_RAM
                0x008002fa        0x2 main.o
                0x008002fa                Uaref_mv_RAM
 .bss.Upower_mv_RAM
                0x008002fc        0x2 main.o
                0x008002fc                Upower_mv_RAM
 .bss.eException.2146
                0x008002fe        0x1 modbus/mb.o
 .bss.ucFunctionCode.2144
                0x008002ff        0x1 modbus/mb.o
 .bss.usLength.2145
                0x00800300        0x2 modbus/mb.o
 .bss.ucMBFrame.2142
                0x00800302        0x2 modbus/mb.o
 .bss.ucRcvAddress.2143
                0x00800304        0x1 modbus/mb.o
 .bss.pvMBFrameCloseCur
                0x00800305        0x2 modbus/mb.o
 .bss.peMBFrameReceiveCur
                0x00800307        0x2 modbus/mb.o
 .bss.pvMBFrameStopCur
                0x00800309        0x2 modbus/mb.o
 .bss.pvMBFrameStartCur
                0x0080030b        0x2 modbus/mb.o
 .bss.peMBFrameSendCur
                0x0080030d        0x2 modbus/mb.o
 .bss.ucMBAddress
                0x0080030f        0x1 modbus/mb.o
 .bss.usMBSlaveIDLen
                0x00800310        0x2 modbus/mbfuncother.o
 .bss.ucMBSlaveID
                0x00800312       0x20 modbus/mbfuncother.o
 .bss.usRcvBufferPos
                0x00800332        0x2 modbus/mbrtu.o
 .bss.usSndBufferCount
                0x00800334        0x2 modbus/mbrtu.o
 .bss.pucSndBufferCur
                0x00800336        0x2 modbus/mbrtu.o
 .bss.eRcvState
                0x00800338        0x1 modbus/mbrtu.o
 .bss.eSndState
                0x00800339        0x1 modbus/mbrtu.o
 .bss.xEventInQueue
                0x0080033a        0x1 modbus/portevent.o
 .bss.eQueuedEvent
                0x0080033b        0x1 modbus/portevent.o
 .bss.usTimerOCRADelta
                0x0080033c        0x2 modbus/porttimer.o
 *(COMMON)
 COMMON         0x0080033e      0x100 modbus/mbrtu.o
                0x0080033e                ucRTUBuf
                0x0080043e                PROVIDE (__bss_end, .)
                0x000023bc                __data_load_start = LOADADDR (.data)
                0x000024f0                __data_load_end = (__data_load_start + SIZEOF (.data))

.noinit         0x0080043e        0x0
                [!provide]                PROVIDE (__noinit_start, .)
 *(.noinit*)
                [!provide]                PROVIDE (__noinit_end, .)
                0x0080043e                _end = .
                [!provide]                PROVIDE (__heap_start, .)

.eeprom         0x00810000        0x0
 *(.eeprom*)
                0x00810000                __eeprom_end = .

.fuse
 *(.fuse)
 *(.lfuse)
 *(.hfuse)
 *(.efuse)

.lock
 *(.lock*)

.signature
 *(.signature*)

.user_signatures
 *(.user_signatures*)

.stab
 *(.stab)

.stabstr
 *(.stabstr)

.stab.excl
 *(.stab.excl)

.stab.exclstr
 *(.stab.exclstr)

.stab.index
 *(.stab.index)

.stab.indexstr
 *(.stab.indexstr)

.comment        0x00000000       0x30
 *(.comment)
 .comment       0x00000000       0x30 fun_ADC.o
                                 0x31 (size before relaxing)
 .comment       0x00000030       0x31 main.o
 .comment       0x00000030       0x31 modbus/mb.o
 .comment       0x00000030       0x31 modbus/mbcrc.o
 .comment       0x00000030       0x31 modbus/mbfuncholding.o
 .comment       0x00000030       0x31 modbus/mbfuncinput.o
 .comment       0x00000030       0x31 modbus/mbfuncother.o
 .comment       0x00000030       0x31 modbus/mbrtu.o
 .comment       0x00000030       0x31 modbus/mbutils.o
 .comment       0x00000030       0x31 modbus/portevent.o
 .comment       0x00000030       0x31 modbus/portserial.o
 .comment       0x00000030       0x31 modbus/porttimer.o
 .comment       0x00000030       0x31 read_pin_in_out.o

.note.gnu.avr.deviceinfo
                0x00000000       0x40
 .note.gnu.avr.deviceinfo
                0x00000000       0x40 C:/Program Files (x86)/Atmel/Studio/7.0/Packs/atmel/ATmega_DFP/1.6.364/gcc/dev/atmega328p/avr5/crtatmega328p.o

.note.gnu.build-id
 *(.note.gnu.build-id)

.debug
 *(.debug)

.line
 *(.line)

.debug_srcinfo
 *(.debug_srcinfo)

.debug_sfnames
 *(.debug_sfnames)

.debug_aranges  0x00000000      0x358
 *(.debug_aranges)
 .debug_aranges
                0x00000000       0x38 fun_ADC.o
 .debug_aranges
                0x00000038       0x80 main.o
 .debug_aranges
                0x000000b8       0x48 modbus/mb.o
 .debug_aranges
                0x00000100       0x20 modbus/mbcrc.o
 .debug_aranges
                0x00000120       0x38 modbus/mbfuncholding.o
 .debug_aranges
                0x00000158       0x20 modbus/mbfuncinput.o
 .debug_aranges
                0x00000178       0x28 modbus/mbfuncother.o
 .debug_aranges
                0x000001a0       0x58 modbus/mbrtu.o
 .debug_aranges
                0x000001f8       0x30 modbus/mbutils.o
 .debug_aranges
                0x00000228       0x30 modbus/portevent.o
 .debug_aranges
                0x00000258       0x30 modbus/portserial.o
 .debug_aranges
                0x00000288       0x30 modbus/porttimer.o
 .debug_aranges
                0x000002b8       0x20 read_pin_in_out.o
 .debug_aranges
                0x000002d8       0x20 C:/Program Files (x86)/Atmel/Studio/7.0/Packs/atmel/ATmega_DFP/1.6.364/gcc/dev/atmega328p/avr5\libatmega328p.a(eerd_word.o)
 .debug_aranges
                0x000002f8       0x20 C:/Program Files (x86)/Atmel/Studio/7.0/Packs/atmel/ATmega_DFP/1.6.364/gcc/dev/atmega328p/avr5\libatmega328p.a(eewr_word.o)
 .debug_aranges
                0x00000318       0x20 C:/Program Files (x86)/Atmel/Studio/7.0/Packs/atmel/ATmega_DFP/1.6.364/gcc/dev/atmega328p/avr5\libatmega328p.a(eerd_block.o)
 .debug_aranges
                0x00000338       0x20 C:/Program Files (x86)/Atmel/Studio/7.0/Packs/atmel/ATmega_DFP/1.6.364/gcc/dev/atmega328p/avr5\libatmega328p.a(eewr_byte.o)

.debug_pubnames
 *(.debug_pubnames)

.debug_info     0x00000000     0x3a93
 *(.debug_info .gnu.linkonce.wi.*)
 .debug_info    0x00000000      0x5f4 C:/Program Files (x86)/Atmel/Studio/7.0/Packs/atmel/ATmega_DFP/1.6.364/gcc/dev/atmega328p/avr5/crtatmega328p.o
 .debug_info    0x000005f4      0x1e8 fun_ADC.o
 .debug_info    0x000007dc      0xff1 main.o
 .debug_info    0x000017cd      0x69e modbus/mb.o
 .debug_info    0x00001e6b      0x1af modbus/mbcrc.o
 .debug_info    0x0000201a      0x487 modbus/mbfuncholding.o
 .debug_info    0x000024a1      0x208 modbus/mbfuncinput.o
 .debug_info    0x000026a9      0x2a1 modbus/mbfuncother.o
 .debug_info    0x0000294a      0x620 modbus/mbrtu.o
 .debug_info    0x00002f6a      0x292 modbus/mbutils.o
 .debug_info    0x000031fc      0x15f modbus/portevent.o
 .debug_info    0x0000335b      0x199 modbus/portserial.o
 .debug_info    0x000034f4      0x123 modbus/porttimer.o
 .debug_info    0x00003617      0x213 read_pin_in_out.o
 .debug_info    0x0000382a       0x9a C:/Program Files (x86)/Atmel/Studio/7.0/Packs/atmel/ATmega_DFP/1.6.364/gcc/dev/atmega328p/avr5\libatmega328p.a(eerd_word.o)
 .debug_info    0x000038c4       0x9a C:/Program Files (x86)/Atmel/Studio/7.0/Packs/atmel/ATmega_DFP/1.6.364/gcc/dev/atmega328p/avr5\libatmega328p.a(eewr_word.o)
 .debug_info    0x0000395e       0x9b C:/Program Files (x86)/Atmel/Studio/7.0/Packs/atmel/ATmega_DFP/1.6.364/gcc/dev/atmega328p/avr5\libatmega328p.a(eerd_block.o)
 .debug_info    0x000039f9       0x9a C:/Program Files (x86)/Atmel/Studio/7.0/Packs/atmel/ATmega_DFP/1.6.364/gcc/dev/atmega328p/avr5\libatmega328p.a(eewr_byte.o)

.debug_abbrev   0x00000000     0x1381
 *(.debug_abbrev)
 .debug_abbrev  0x00000000      0x5a2 C:/Program Files (x86)/Atmel/Studio/7.0/Packs/atmel/ATmega_DFP/1.6.364/gcc/dev/atmega328p/avr5/crtatmega328p.o
 .debug_abbrev  0x000005a2       0xe2 fun_ADC.o
 .debug_abbrev  0x00000684      0x21e main.o
 .debug_abbrev  0x000008a2      0x201 modbus/mb.o
 .debug_abbrev  0x00000aa3       0xb8 modbus/mbcrc.o
 .debug_abbrev  0x00000b5b       0xf8 modbus/mbfuncholding.o
 .debug_abbrev  0x00000c53       0xdc modbus/mbfuncinput.o
 .debug_abbrev  0x00000d2f       0xe1 modbus/mbfuncother.o
 .debug_abbrev  0x00000e10      0x194 modbus/mbrtu.o
 .debug_abbrev  0x00000fa4       0xf3 modbus/mbutils.o
 .debug_abbrev  0x00001097       0xbd modbus/portevent.o
 .debug_abbrev  0x00001154       0xbf modbus/portserial.o
 .debug_abbrev  0x00001213       0xbb modbus/porttimer.o
 .debug_abbrev  0x000012ce       0x63 read_pin_in_out.o
 .debug_abbrev  0x00001331       0x14 C:/Program Files (x86)/Atmel/Studio/7.0/Packs/atmel/ATmega_DFP/1.6.364/gcc/dev/atmega328p/avr5\libatmega328p.a(eerd_word.o)
 .debug_abbrev  0x00001345       0x14 C:/Program Files (x86)/Atmel/Studio/7.0/Packs/atmel/ATmega_DFP/1.6.364/gcc/dev/atmega328p/avr5\libatmega328p.a(eewr_word.o)
 .debug_abbrev  0x00001359       0x14 C:/Program Files (x86)/Atmel/Studio/7.0/Packs/atmel/ATmega_DFP/1.6.364/gcc/dev/atmega328p/avr5\libatmega328p.a(eerd_block.o)
 .debug_abbrev  0x0000136d       0x14 C:/Program Files (x86)/Atmel/Studio/7.0/Packs/atmel/ATmega_DFP/1.6.364/gcc/dev/atmega328p/avr5\libatmega328p.a(eewr_byte.o)

.debug_line     0x00000000     0x23e1
 *(.debug_line .debug_line.* .debug_line_end)
 .debug_line    0x00000000      0x134 C:/Program Files (x86)/Atmel/Studio/7.0/Packs/atmel/ATmega_DFP/1.6.364/gcc/dev/atmega328p/avr5/crtatmega328p.o
 .debug_line    0x00000134      0x236 fun_ADC.o
 .debug_line    0x0000036a      0xa5f main.o
 .debug_line    0x00000dc9      0x309 modbus/mb.o
 .debug_line    0x000010d2       0xee modbus/mbcrc.o
 .debug_line    0x000011c0      0x288 modbus/mbfuncholding.o
 .debug_line    0x00001448       0xdc modbus/mbfuncinput.o
 .debug_line    0x00001524      0x143 modbus/mbfuncother.o
 .debug_line    0x00001667      0x346 modbus/mbrtu.o
 .debug_line    0x000019ad      0x124 modbus/mbutils.o
 .debug_line    0x00001ad1       0xcf modbus/portevent.o
 .debug_line    0x00001ba0      0x134 modbus/portserial.o
 .debug_line    0x00001cd4      0x130 modbus/porttimer.o
 .debug_line    0x00001e04      0x3d2 read_pin_in_out.o
 .debug_line    0x000021d6       0x67 C:/Program Files (x86)/Atmel/Studio/7.0/Packs/atmel/ATmega_DFP/1.6.364/gcc/dev/atmega328p/avr5\libatmega328p.a(eerd_word.o)
 .debug_line    0x0000223d       0x5b C:/Program Files (x86)/Atmel/Studio/7.0/Packs/atmel/ATmega_DFP/1.6.364/gcc/dev/atmega328p/avr5\libatmega328p.a(eewr_word.o)
 .debug_line    0x00002298       0xab C:/Program Files (x86)/Atmel/Studio/7.0/Packs/atmel/ATmega_DFP/1.6.364/gcc/dev/atmega328p/avr5\libatmega328p.a(eerd_block.o)
 .debug_line    0x00002343       0x9e C:/Program Files (x86)/Atmel/Studio/7.0/Packs/atmel/ATmega_DFP/1.6.364/gcc/dev/atmega328p/avr5\libatmega328p.a(eewr_byte.o)

.debug_frame    0x00000000      0x708
 *(.debug_frame)
 .debug_frame   0x00000000       0xe8 fun_ADC.o
 .debug_frame   0x000000e8      0x220 main.o
 .debug_frame   0x00000308       0xa8 modbus/mb.o
 .debug_frame   0x000003b0       0x24 modbus/mbcrc.o
 .debug_frame   0x000003d4       0x9c modbus/mbfuncholding.o
 .debug_frame   0x00000470       0x38 modbus/mbfuncinput.o
 .debug_frame   0x000004a8       0x54 modbus/mbfuncother.o
 .debug_frame   0x000004fc       0xc4 modbus/mbrtu.o
 .debug_frame   0x000005c0       0x58 modbus/mbutils.o
 .debug_frame   0x00000618       0x44 modbus/portevent.o
 .debug_frame   0x0000065c       0x44 modbus/portserial.o
 .debug_frame   0x000006a0       0x44 modbus/porttimer.o
 .debug_frame   0x000006e4       0x24 read_pin_in_out.o

.debug_str      0x00000000     0x15f2
 *(.debug_str)
 .debug_str     0x00000000      0x208 C:/Program Files (x86)/Atmel/Studio/7.0/Packs/atmel/ATmega_DFP/1.6.364/gcc/dev/atmega328p/avr5/crtatmega328p.o
 .debug_str     0x00000208      0x29a fun_ADC.o
                                0x2d4 (size before relaxing)
 .debug_str     0x000004a2      0x949 main.o
                                0xc0d (size before relaxing)
 .debug_str     0x00000deb      0x314 modbus/mb.o
                                0x5f6 (size before relaxing)
 .debug_str     0x000010ff       0x47 modbus/mbcrc.o
                                0x217 (size before relaxing)
 .debug_str     0x00001146       0xf1 modbus/mbfuncholding.o
                                0x46e (size before relaxing)
 .debug_str     0x00001237       0x31 modbus/mbfuncinput.o
                                0x382 (size before relaxing)
 .debug_str     0x00001268       0x7f modbus/mbfuncother.o
                                0x3a3 (size before relaxing)
 .debug_str     0x000012e7      0x1bf modbus/mbrtu.o
                                0x4dc (size before relaxing)
 .debug_str     0x000014a6       0x6a modbus/mbutils.o
                                0x399 (size before relaxing)
 .debug_str     0x00001510       0x40 modbus/portevent.o
                                0x249 (size before relaxing)
 .debug_str     0x00001550       0x4f modbus/portserial.o
                                0x267 (size before relaxing)
 .debug_str     0x0000159f       0x3a modbus/porttimer.o
                                0x21c (size before relaxing)
 .debug_str     0x000015d9       0x19 read_pin_in_out.o
                                0x37f (size before relaxing)

.debug_loc      0x00000000     0x2aea
 *(.debug_loc)
 .debug_loc     0x00000000      0x476 fun_ADC.o
 .debug_loc     0x00000476      0xc3b main.o
 .debug_loc     0x000010b1      0x3ed modbus/mb.o
 .debug_loc     0x0000149e      0x15c modbus/mbcrc.o
 .debug_loc     0x000015fa      0x80c modbus/mbfuncholding.o
 .debug_loc     0x00001e06      0x217 modbus/mbfuncinput.o
 .debug_loc     0x0000201d      0x246 modbus/mbfuncother.o
 .debug_loc     0x00002263      0x476 modbus/mbrtu.o
 .debug_loc     0x000026d9      0x2d0 modbus/mbutils.o
 .debug_loc     0x000029a9       0xa1 modbus/portevent.o
 .debug_loc     0x00002a4a       0x7a modbus/portserial.o
 .debug_loc     0x00002ac4       0x26 modbus/porttimer.o

.debug_macinfo
 *(.debug_macinfo)

.debug_weaknames
 *(.debug_weaknames)

.debug_funcnames
 *(.debug_funcnames)

.debug_typenames
 *(.debug_typenames)

.debug_varnames
 *(.debug_varnames)

.debug_pubtypes
 *(.debug_pubtypes)

.debug_ranges   0x00000000      0x220
 *(.debug_ranges)
 .debug_ranges  0x00000000       0x40 fun_ADC.o
 .debug_ranges  0x00000040       0x70 main.o
 .debug_ranges  0x000000b0       0x38 modbus/mb.o
 .debug_ranges  0x000000e8       0x10 modbus/mbcrc.o
 .debug_ranges  0x000000f8       0x28 modbus/mbfuncholding.o
 .debug_ranges  0x00000120       0x10 modbus/mbfuncinput.o
 .debug_ranges  0x00000130       0x18 modbus/mbfuncother.o
 .debug_ranges  0x00000148       0x48 modbus/mbrtu.o
 .debug_ranges  0x00000190       0x20 modbus/mbutils.o
 .debug_ranges  0x000001b0       0x20 modbus/portevent.o
 .debug_ranges  0x000001d0       0x20 modbus/portserial.o
 .debug_ranges  0x000001f0       0x20 modbus/porttimer.o
 .debug_ranges  0x00000210       0x10 read_pin_in_out.o

.debug_macro
 *(.debug_macro)
OUTPUT(mb485_TT_mega328_vanna.elf elf32-avr)
LOAD linker stubs
